Archive member included to satisfy reference by file (symbol)

c:/efinity/efinity-riscv-ide-2023.2/toolchain/bin/../lib/gcc/riscv-none-embed/8.3.0/../../../../riscv-none-embed/lib/rv32im/ilp32\libc.a(lib_a-init.o)
                              build/obj_files/start.o (__libc_init_array)

Discarded input sections

 .group         0x0000000000000000        0xc build/obj_files/servo.o
 .group         0x0000000000000000        0xc build/obj_files/servo.o
 .group         0x0000000000000000        0xc build/obj_files/servo.o
 .group         0x0000000000000000        0xc build/obj_files/servo.o
 .group         0x0000000000000000        0xc build/obj_files/servo.o
 .group         0x0000000000000000        0xc build/obj_files/servo.o
 .group         0x0000000000000000        0xc build/obj_files/servo.o
 .group         0x0000000000000000        0xc build/obj_files/servo.o
 .group         0x0000000000000000        0xc build/obj_files/servo.o
 .group         0x0000000000000000        0xc build/obj_files/servo.o
 .group         0x0000000000000000        0xc build/obj_files/servo.o
 .group         0x0000000000000000        0xc build/obj_files/servo.o
 .group         0x0000000000000000        0xc build/obj_files/servo.o
 .group         0x0000000000000000        0xc build/obj_files/servo.o
 .group         0x0000000000000000        0xc build/obj_files/servo.o
 .group         0x0000000000000000        0xc build/obj_files/servo.o
 .group         0x0000000000000000        0xc build/obj_files/servo.o
 .group         0x0000000000000000        0xc build/obj_files/servo.o
 .group         0x0000000000000000        0xc build/obj_files/servo.o
 .group         0x0000000000000000        0xc build/obj_files/servo.o
 .group         0x0000000000000000        0xc build/obj_files/servo.o
 .group         0x0000000000000000        0xc build/obj_files/servo.o
 .group         0x0000000000000000        0xc build/obj_files/servo.o
 .group         0x0000000000000000        0xc build/obj_files/servo.o
 .group         0x0000000000000000        0xc build/obj_files/servo.o
 .group         0x0000000000000000        0xc build/obj_files/servo.o
 .group         0x0000000000000000        0xc build/obj_files/servo.o
 .group         0x0000000000000000        0xc build/obj_files/servo.o
 .group         0x0000000000000000        0xc build/obj_files/servo.o
 .group         0x0000000000000000        0xc build/obj_files/servo.o
 .group         0x0000000000000000        0xc build/obj_files/servo.o
 .group         0x0000000000000000        0xc build/obj_files/servo.o
 .group         0x0000000000000000        0xc build/obj_files/servo.o
 .group         0x0000000000000000        0xc build/obj_files/servo.o
 .group         0x0000000000000000        0xc build/obj_files/servo.o
 .group         0x0000000000000000        0xc build/obj_files/servo.o

Memory Configuration

Name             Origin             Length             Attributes
ram              0x0000000000001000 0x000000000001f000 axwl !r
*default*        0x0000000000000000 0xffffffffffffffff

Linker script and memory map

LOAD build/obj_files/servo.o
LOAD build/obj_files/start.o
LOAD c:/efinity/efinity-riscv-ide-2023.2/toolchain/bin/../lib/gcc/riscv-none-embed/8.3.0/../../../../riscv-none-embed/lib/rv32im/ilp32\libc.a
LOAD c:/efinity/efinity-riscv-ide-2023.2/toolchain/bin/../lib/gcc/riscv-none-embed/8.3.0/rv32im/ilp32\libgcc.a
                0x0000000000001000                __stack_size = DEFINED (__stack_size)?__stack_size:0x1000

.init           0x0000000000001000       0x5c
 *(SORT_NONE(.init))
 .init          0x0000000000001000       0x5c build/obj_files/start.o
                0x0000000000001000                _start
                0x0000000000001058                _init

.text           0x000000000000105c      0x164
 *(.text.Proc_1)
 *(.text.Proc_2)
 *(.text.Proc_3)
 *(.text.Proc_4)
 *(.text.Proc_5)
 *(.text.Proc_6)
 *(.text.Proc_7)
 *(.text.Proc_8)
 *(.text.Func_1)
 *(.text.Func_2)
 *(.text.Func_3)
 *(.text.strcpy)
 *libc.a:*(.text .text.*)
 .text          0x000000000000105c        0x0 c:/efinity/efinity-riscv-ide-2023.2/toolchain/bin/../lib/gcc/riscv-none-embed/8.3.0/../../../../riscv-none-embed/lib/rv32im/ilp32\libc.a(lib_a-init.o)
 .text.__libc_init_array
                0x000000000000105c       0x84 c:/efinity/efinity-riscv-ide-2023.2/toolchain/bin/../lib/gcc/riscv-none-embed/8.3.0/../../../../riscv-none-embed/lib/rv32im/ilp32\libc.a(lib_a-init.o)
                0x000000000000105c                __libc_init_array
 *(.text.main)
 *(.text.unlikely .text.unlikely.*)
 *(.text.startup .text.startup.*)
 *(.text .text.*)
 .text          0x00000000000010e0       0xe0 build/obj_files/servo.o
                0x00000000000010e0                set_pwm_duty_cycle
                0x0000000000001104                set_servo_angle
                0x000000000000113c                delay_ms
                0x000000000000116c                main
 .text          0x00000000000011c0        0x0 build/obj_files/start.o
 *(.gnu.linkonce.t.*)
 *(.note.gnu.build-id)

.rela.dyn       0x00000000000011c0        0x0
 .rela.init     0x00000000000011c0        0x0 build/obj_files/servo.o
 .rela.text.__libc_init_array
                0x00000000000011c0        0x0 build/obj_files/servo.o

.fini
 *(SORT_NONE(.fini))
                [!provide]                        PROVIDE (__etext = .)
                [!provide]                        PROVIDE (_etext = .)
                [!provide]                        PROVIDE (etext = .)
                0x00000000000011c0                . = ALIGN (0x4)

.preinit_array  0x00000000000011c0        0x0
                0x00000000000011c0                PROVIDE (__preinit_array_start = .)
 *(.preinit_array)
                0x00000000000011c0                PROVIDE (__preinit_array_end = .)

.init_array     0x00000000000011c0        0x0
                0x00000000000011c0                PROVIDE (__init_array_start = .)
 *(SORT_BY_INIT_PRIORITY(.init_array.*) SORT_BY_INIT_PRIORITY(.ctors.*))
 *(.init_array EXCLUDE_FILE(*crtend?.o *crtend.o *crtbegin?.o *crtbegin.o) .ctors)
                0x00000000000011c0                PROVIDE (__init_array_end = .)

.fini_array     0x00000000000011c0        0x0
                [!provide]                        PROVIDE (__fini_array_start = .)
 *(SORT_BY_INIT_PRIORITY(.fini_array.*) SORT_BY_INIT_PRIORITY(.dtors.*))
 *(.fini_array EXCLUDE_FILE(*crtend?.o *crtend.o *crtbegin?.o *crtbegin.o) .dtors)
                [!provide]                        PROVIDE (__fini_array_end = .)

.ctors
 *crtbegin.o(.ctors)
 *crtbegin?.o(.ctors)
 *(EXCLUDE_FILE(*crtend?.o *crtend.o) .ctors)
 *(SORT_BY_NAME(.ctors.*))
 *(.ctors)

.dtors
 *crtbegin.o(.dtors)
 *crtbegin?.o(.dtors)
 *(EXCLUDE_FILE(*crtend?.o *crtend.o) .dtors)
 *(SORT_BY_NAME(.dtors.*))
 *(.dtors)

.lalign         0x00000000000011c0        0x0
                0x00000000000011c0                PROVIDE (_data_lma = .)

.dalign         0x00000000000011c0        0x0
                0x00000000000011c0                PROVIDE (_data = .)

.data           0x00000000000011c0        0xa
 *(.rdata)
 *(.rodata .rodata.*)
 *(.gnu.linkonce.r.*)
 *(.data .data.*)
 .data          0x00000000000011c0        0x0 build/obj_files/servo.o
 .data          0x00000000000011c0        0x0 build/obj_files/start.o
 .data          0x00000000000011c0        0x0 c:/efinity/efinity-riscv-ide-2023.2/toolchain/bin/../lib/gcc/riscv-none-embed/8.3.0/../../../../riscv-none-embed/lib/rv32im/ilp32\libc.a(lib_a-init.o)
 *(.gnu.linkonce.d.*)
                0x00000000000011c0                . = ALIGN (0x8)
 *fill*         0x00000000000011c0        0x0 
                0x00000000000019b0                PROVIDE (__global_pointer$ = (. + 0x7f0))
 *(.sdata .sdata.*)
 *(.gnu.linkonce.s.*)
                0x00000000000011c0                . = ALIGN (0x8)
 *(.srodata.cst16)
 *(.srodata.cst8)
 *(.srodata.cst4)
 *(.srodata.cst2)
 *(.srodata .srodata.*)
                0x00000000000011ca                . = (. + 0xa)
 *fill*         0x00000000000011c0        0xa 
                0x00000000000011cc                . = ALIGN (0x4)
                0x00000000000011cc                PROVIDE (_edata = .)
                [!provide]                        PROVIDE (edata = .)
                [!provide]                        PROVIDE (_fbss = .)
                0x00000000000011cc                PROVIDE (__bss_start = .)

.bss            0x00000000000011ca        0x2
 *(.sbss*)
 *(.gnu.linkonce.sb.*)
 *(.bss .bss.*)
 .bss           0x00000000000011ca        0x0 build/obj_files/servo.o
 .bss           0x00000000000011ca        0x0 build/obj_files/start.o
 .bss           0x00000000000011ca        0x0 c:/efinity/efinity-riscv-ide-2023.2/toolchain/bin/../lib/gcc/riscv-none-embed/8.3.0/../../../../riscv-none-embed/lib/rv32im/ilp32\libc.a(lib_a-init.o)
 *(.gnu.linkonce.b.*)
 *(COMMON)
                0x00000000000011cc                . = ALIGN (0x4)
 *fill*         0x00000000000011ca        0x2 
                0x00000000000011d0                . = ALIGN (0x8)
                0x00000000000011d0                PROVIDE (_end = .)
                [!provide]                        PROVIDE (end = .)

.stack          0x00000000000011d0     0x1000
                [!provide]                        PROVIDE (_heap_end = .)
                0x0000000000001000                . = __stack_size
 *fill*         0x00000000000011d0     0x1000 
                0x00000000000021d0                PROVIDE (_sp = .)
                0x00000000000021d0                __freertos_irq_stack_top = .
LOAD c:/efinity/efinity-riscv-ide-2023.2/toolchain/bin/../lib/gcc/riscv-none-embed/8.3.0/../../../../riscv-none-embed/lib/rv32im/ilp32\libm.a
LOAD c:/efinity/efinity-riscv-ide-2023.2/toolchain/bin/../lib/gcc/riscv-none-embed/8.3.0/rv32im/ilp32\libgcc.a
START GROUP
LOAD c:/efinity/efinity-riscv-ide-2023.2/toolchain/bin/../lib/gcc/riscv-none-embed/8.3.0/rv32im/ilp32\libgcc.a
LOAD c:/efinity/efinity-riscv-ide-2023.2/toolchain/bin/../lib/gcc/riscv-none-embed/8.3.0/../../../../riscv-none-embed/lib/rv32im/ilp32\libg.a
LOAD c:/efinity/efinity-riscv-ide-2023.2/toolchain/bin/../lib/gcc/riscv-none-embed/8.3.0/../../../../riscv-none-embed/lib/rv32im/ilp32\libc.a
END GROUP
LOAD c:/efinity/efinity-riscv-ide-2023.2/toolchain/bin/../lib/gcc/riscv-none-embed/8.3.0/rv32im/ilp32\libgcc.a
START GROUP
LOAD c:/efinity/efinity-riscv-ide-2023.2/toolchain/bin/../lib/gcc/riscv-none-embed/8.3.0/rv32im/ilp32\libgcc.a
LOAD c:/efinity/efinity-riscv-ide-2023.2/toolchain/bin/../lib/gcc/riscv-none-embed/8.3.0/../../../../riscv-none-embed/lib/rv32im/ilp32\libc.a
LOAD c:/efinity/efinity-riscv-ide-2023.2/toolchain/bin/../lib/gcc/riscv-none-embed/8.3.0/../../../../riscv-none-embed/lib/rv32im/ilp32\libnosys.a
END GROUP
OUTPUT(build/servo.elf elf32-littleriscv)

.debug_info     0x0000000000000000      0xb02
 .debug_info    0x0000000000000000      0xadc build/obj_files/servo.o
 .debug_info    0x0000000000000adc       0x26 build/obj_files/start.o

.debug_abbrev   0x0000000000000000      0x2bc
 .debug_abbrev  0x0000000000000000      0x2a8 build/obj_files/servo.o
 .debug_abbrev  0x00000000000002a8       0x14 build/obj_files/start.o

.debug_loc      0x0000000000000000       0x9c
 .debug_loc     0x0000000000000000       0x9c build/obj_files/servo.o

.debug_aranges  0x0000000000000000       0x40
 .debug_aranges
                0x0000000000000000       0x20 build/obj_files/servo.o
 .debug_aranges
                0x0000000000000020       0x20 build/obj_files/start.o

.debug_macro    0x0000000000000000     0x1f03
 .debug_macro   0x0000000000000000      0x1f3 build/obj_files/servo.o
 .debug_macro   0x00000000000001f3      0x760 build/obj_files/servo.o
 .debug_macro   0x0000000000000953       0x22 build/obj_files/servo.o
 .debug_macro   0x0000000000000975       0x4c build/obj_files/servo.o
 .debug_macro   0x00000000000009c1       0x19 build/obj_files/servo.o
 .debug_macro   0x00000000000009da       0x94 build/obj_files/servo.o
 .debug_macro   0x0000000000000a6e       0x34 build/obj_files/servo.o
 .debug_macro   0x0000000000000aa2       0x34 build/obj_files/servo.o
 .debug_macro   0x0000000000000ad6       0x16 build/obj_files/servo.o
 .debug_macro   0x0000000000000aec       0x57 build/obj_files/servo.o
 .debug_macro   0x0000000000000b43       0x97 build/obj_files/servo.o
 .debug_macro   0x0000000000000bda      0x339 build/obj_files/servo.o
 .debug_macro   0x0000000000000f13       0xfd build/obj_files/servo.o
 .debug_macro   0x0000000000001010       0x10 build/obj_files/servo.o
 .debug_macro   0x0000000000001020       0x16 build/obj_files/servo.o
 .debug_macro   0x0000000000001036       0x43 build/obj_files/servo.o
 .debug_macro   0x0000000000001079       0x34 build/obj_files/servo.o
 .debug_macro   0x00000000000010ad       0x10 build/obj_files/servo.o
 .debug_macro   0x00000000000010bd       0x52 build/obj_files/servo.o
 .debug_macro   0x000000000000110f      0x182 build/obj_files/servo.o
 .debug_macro   0x0000000000001291       0x10 build/obj_files/servo.o
 .debug_macro   0x00000000000012a1       0x6a build/obj_files/servo.o
 .debug_macro   0x000000000000130b       0x1c build/obj_files/servo.o
 .debug_macro   0x0000000000001327       0x52 build/obj_files/servo.o
 .debug_macro   0x0000000000001379       0x40 build/obj_files/servo.o
 .debug_macro   0x00000000000013b9       0x10 build/obj_files/servo.o
 .debug_macro   0x00000000000013c9       0x40 build/obj_files/servo.o
 .debug_macro   0x0000000000001409       0xd5 build/obj_files/servo.o
 .debug_macro   0x00000000000014de       0x1c build/obj_files/servo.o
 .debug_macro   0x00000000000014fa       0x3d build/obj_files/servo.o
 .debug_macro   0x0000000000001537       0x16 build/obj_files/servo.o
 .debug_macro   0x000000000000154d      0x16f build/obj_files/servo.o
 .debug_macro   0x00000000000016bc      0x103 build/obj_files/servo.o
 .debug_macro   0x00000000000017bf      0x1df build/obj_files/servo.o
 .debug_macro   0x000000000000199e       0x16 build/obj_files/servo.o
 .debug_macro   0x00000000000019b4       0x35 build/obj_files/servo.o
 .debug_macro   0x00000000000019e9      0x51a build/obj_files/servo.o

.debug_line     0x0000000000000000      0x524
 .debug_line    0x0000000000000000      0x46a build/obj_files/servo.o
 .debug_line    0x000000000000046a       0xba build/obj_files/start.o

.debug_str      0x0000000000000000     0x8263
 .debug_str     0x0000000000000000     0x8245 build/obj_files/servo.o
                                       0x8476 (size before relaxing)
 .debug_str     0x0000000000008245       0x1e build/obj_files/start.o
                                         0x6a (size before relaxing)

.comment        0x0000000000000000       0x33
 .comment       0x0000000000000000       0x33 build/obj_files/servo.o
                                         0x34 (size before relaxing)

.debug_frame    0x0000000000000000       0xa8
 .debug_frame   0x0000000000000000       0x6c build/obj_files/servo.o
 .debug_frame   0x000000000000006c       0x3c c:/efinity/efinity-riscv-ide-2023.2/toolchain/bin/../lib/gcc/riscv-none-embed/8.3.0/../../../../riscv-none-embed/lib/rv32im/ilp32\libc.a(lib_a-init.o)
