
---------- Resource Summary (begin) ----------
Inputs: 160 / 947 (16.90%)
Outputs: 246 / 1416 (17.37%)
Clocks: 3 / 16 (18.75%)
Logic Elements: 13462 / 31680 (42.49%)
	LE: LUTs/Adders: 8840 / 31680 (27.90%)
	LE: Registers: 8739 / 30720 (28.45%)
Memory Blocks: 70 / 288 (24.31%)
Multipliers: 4 / 120 (3.33%)
---------- Resource Summary (end) ----------


---------- Resource Summary (begin) ----------
Inputs: 160 / 947 (16.90%)
Outputs: 246 / 1416 (17.37%)
Clocks: 3 / 16 (18.75%)
Logic Elements: 13462 / 31680 (42.49%)
	LE: LUTs/Adders: 8840 / 31680 (27.90%)
	LE: Registers: 8739 / 30720 (28.45%)
Memory Blocks: 70 / 288 (24.31%)
Multipliers: 4 / 120 (3.33%)
---------- Resource Summary (end) ----------


---------- Resource Summary (begin) ----------
Inputs: 160 / 947 (16.90%)
Outputs: 246 / 1416 (17.37%)
Clocks: 3 / 16 (18.75%)
Logic Elements: 13462 / 31680 (42.49%)
	LE: LUTs/Adders: 8840 / 31680 (27.90%)
	LE: Registers: 8739 / 30720 (28.45%)
Memory Blocks: 70 / 288 (24.31%)
Multipliers: 4 / 120 (3.33%)
---------- Resource Summary (end) ----------


---------- Resource Summary (begin) ----------
Inputs: 160 / 947 (16.90%)
Outputs: 246 / 1416 (17.37%)
Clocks: 3 / 16 (18.75%)
Logic Elements: 13462 / 31680 (42.49%)
	LE: LUTs/Adders: 8840 / 31680 (27.90%)
	LE: Registers: 8739 / 30720 (28.45%)
Memory Blocks: 70 / 288 (24.31%)
Multipliers: 4 / 120 (3.33%)
---------- Resource Summary (end) ----------

