Archive member included to satisfy reference by file (symbol)

c:/efinity/efinity-riscv-ide-2023.2/toolchain/bin/../lib/gcc/riscv-none-embed/8.3.0/../../../../riscv-none-embed/lib/rv32im/ilp32\libc.a(lib_a-init.o)
                              build/obj_files/start.o (__libc_init_array)

Discarded input sections

 .group         0x0000000000000000        0xc build/obj_files/main.o
 .group         0x0000000000000000        0xc build/obj_files/main.o
 .group         0x0000000000000000        0xc build/obj_files/main.o
 .group         0x0000000000000000        0xc build/obj_files/main.o
 .group         0x0000000000000000        0xc build/obj_files/main.o
 .group         0x0000000000000000        0xc build/obj_files/main.o
 .group         0x0000000000000000        0xc build/obj_files/main.o
 .group         0x0000000000000000        0xc build/obj_files/main.o
 .group         0x0000000000000000        0xc build/obj_files/main.o
 .group         0x0000000000000000        0xc build/obj_files/main.o
 .group         0x0000000000000000        0xc build/obj_files/main.o
 .group         0x0000000000000000        0xc build/obj_files/main.o
 .group         0x0000000000000000        0xc build/obj_files/main.o
 .group         0x0000000000000000        0xc build/obj_files/main.o
 .group         0x0000000000000000        0xc build/obj_files/main.o
 .group         0x0000000000000000        0xc build/obj_files/main.o
 .group         0x0000000000000000        0xc build/obj_files/main.o
 .group         0x0000000000000000        0xc build/obj_files/main.o
 .group         0x0000000000000000        0xc build/obj_files/main.o
 .group         0x0000000000000000        0xc build/obj_files/main.o
 .group         0x0000000000000000        0xc build/obj_files/main.o
 .group         0x0000000000000000        0xc build/obj_files/main.o
 .group         0x0000000000000000        0xc build/obj_files/main.o
 .group         0x0000000000000000        0xc build/obj_files/main.o
 .group         0x0000000000000000        0xc build/obj_files/main.o
 .group         0x0000000000000000        0xc build/obj_files/main.o
 .group         0x0000000000000000        0xc build/obj_files/main.o
 .group         0x0000000000000000        0xc build/obj_files/main.o
 .group         0x0000000000000000        0xc build/obj_files/main.o
 .group         0x0000000000000000        0xc build/obj_files/main.o
 .group         0x0000000000000000        0xc build/obj_files/main.o
 .group         0x0000000000000000        0xc build/obj_files/main.o
 .group         0x0000000000000000        0xc build/obj_files/main.o
 .group         0x0000000000000000        0xc build/obj_files/main.o
 .group         0x0000000000000000        0xc build/obj_files/main.o
 .group         0x0000000000000000        0xc build/obj_files/main.o
 .group         0x0000000000000000        0xc build/obj_files/main.o

Memory Configuration

Name             Origin             Length             Attributes
ram              0x0000000000001000 0x000000000001f000 axwl !r
*default*        0x0000000000000000 0xffffffffffffffff

Linker script and memory map

LOAD build/obj_files/main.o
LOAD build/obj_files/start.o
LOAD build/obj_files/trap.o
LOAD c:/efinity/efinity-riscv-ide-2023.2/toolchain/bin/../lib/gcc/riscv-none-embed/8.3.0/../../../../riscv-none-embed/lib/rv32im/ilp32\libc.a
LOAD c:/efinity/efinity-riscv-ide-2023.2/toolchain/bin/../lib/gcc/riscv-none-embed/8.3.0/rv32im/ilp32\libgcc.a
                0x0000000000001000                __stack_size = DEFINED (__stack_size)?__stack_size:0x1000

.init           0x0000000000001000       0x64
 *(SORT_NONE(.init))
 .init          0x0000000000001000       0x64 build/obj_files/start.o
                0x0000000000001000                _start
                0x0000000000001060                _init

.text           0x0000000000001064      0x788
 *(.text.Proc_1)
 *(.text.Proc_2)
 *(.text.Proc_3)
 *(.text.Proc_4)
 *(.text.Proc_5)
 *(.text.Proc_6)
 *(.text.Proc_7)
 *(.text.Proc_8)
 *(.text.Func_1)
 *(.text.Func_2)
 *(.text.Func_3)
 *(.text.strcpy)
 *libc.a:*(.text .text.*)
 .text          0x0000000000001064        0x0 c:/efinity/efinity-riscv-ide-2023.2/toolchain/bin/../lib/gcc/riscv-none-embed/8.3.0/../../../../riscv-none-embed/lib/rv32im/ilp32\libc.a(lib_a-init.o)
 .text.__libc_init_array
                0x0000000000001064       0x94 c:/efinity/efinity-riscv-ide-2023.2/toolchain/bin/../lib/gcc/riscv-none-embed/8.3.0/../../../../riscv-none-embed/lib/rv32im/ilp32\libc.a(lib_a-init.o)
                0x0000000000001064                __libc_init_array
 *(.text.main)
 *(.text.unlikely .text.unlikely.*)
 *(.text.startup .text.startup.*)
 *(.text .text.*)
 .text          0x00000000000010f8      0x664 build/obj_files/main.o
                0x000000000000158c                init
                0x000000000000160c                crash
                0x0000000000001624                externalInterrupt
                0x0000000000001680                trap
                0x00000000000016b4                main
 .text          0x000000000000175c        0x0 build/obj_files/start.o
 .text          0x000000000000175c       0x90 build/obj_files/trap.o
                0x000000000000175c                trap_entry
 *(.gnu.linkonce.t.*)
 *(.note.gnu.build-id)

.rela.dyn       0x00000000000017ec        0x0
 .rela.init     0x00000000000017ec        0x0 build/obj_files/main.o
 .rela.text.__libc_init_array
                0x00000000000017ec        0x0 build/obj_files/main.o

.fini
 *(SORT_NONE(.fini))
                [!provide]                        PROVIDE (__etext = .)
                [!provide]                        PROVIDE (_etext = .)
                [!provide]                        PROVIDE (etext = .)
                0x00000000000017ec                . = ALIGN (0x4)

.preinit_array  0x00000000000017ec        0x0
                0x00000000000017ec                PROVIDE (__preinit_array_start = .)
 *(.preinit_array)
                0x00000000000017ec                PROVIDE (__preinit_array_end = .)

.init_array     0x00000000000017ec        0x0
                0x00000000000017ec                PROVIDE (__init_array_start = .)
 *(SORT_BY_INIT_PRIORITY(.init_array.*) SORT_BY_INIT_PRIORITY(.ctors.*))
 *(.init_array EXCLUDE_FILE(*crtend?.o *crtend.o *crtbegin?.o *crtbegin.o) .ctors)
                0x00000000000017ec                PROVIDE (__init_array_end = .)

.fini_array     0x00000000000017ec        0x0
                [!provide]                        PROVIDE (__fini_array_start = .)
 *(SORT_BY_INIT_PRIORITY(.fini_array.*) SORT_BY_INIT_PRIORITY(.dtors.*))
 *(.fini_array EXCLUDE_FILE(*crtend?.o *crtend.o *crtbegin?.o *crtbegin.o) .dtors)
                [!provide]                        PROVIDE (__fini_array_end = .)

.ctors
 *crtbegin.o(.ctors)
 *crtbegin?.o(.ctors)
 *(EXCLUDE_FILE(*crtend?.o *crtend.o) .ctors)
 *(SORT_BY_NAME(.ctors.*))
 *(.ctors)

.dtors
 *crtbegin.o(.dtors)
 *crtbegin?.o(.dtors)
 *(EXCLUDE_FILE(*crtend?.o *crtend.o) .dtors)
 *(SORT_BY_NAME(.dtors.*))
 *(.dtors)

.lalign         0x00000000000017ec        0x0
                0x00000000000017ec                PROVIDE (_data_lma = .)

.dalign         0x00000000000017ec        0x0
                0x00000000000017ec                PROVIDE (_data = .)

.data           0x00000000000017ec      0x18e
 *(.rdata)
 *(.rodata .rodata.*)
 .rodata.str1.4
                0x00000000000017ec      0x180 build/obj_files/main.o
                                        0x17d (size before relaxing)
 *(.gnu.linkonce.r.*)
 *(.data .data.*)
 .data          0x000000000000196c        0x0 build/obj_files/main.o
 .data          0x000000000000196c        0x0 build/obj_files/start.o
 .data          0x000000000000196c        0x0 build/obj_files/trap.o
 .data          0x000000000000196c        0x0 c:/efinity/efinity-riscv-ide-2023.2/toolchain/bin/../lib/gcc/riscv-none-embed/8.3.0/../../../../riscv-none-embed/lib/rv32im/ilp32\libc.a(lib_a-init.o)
 *(.gnu.linkonce.d.*)
                0x0000000000001970                . = ALIGN (0x8)
 *fill*         0x000000000000196c        0x4 
                0x0000000000002160                PROVIDE (__global_pointer$ = (. + 0x7f0))
 *(.sdata .sdata.*)
 *(.gnu.linkonce.s.*)
                0x0000000000001970                . = ALIGN (0x8)
 *(.srodata.cst16)
 *(.srodata.cst8)
 *(.srodata.cst4)
 *(.srodata.cst2)
 *(.srodata .srodata.*)
                0x000000000000197a                . = (. + 0xa)
 *fill*         0x0000000000001970        0xa 
                0x000000000000197c                . = ALIGN (0x4)
                0x000000000000197c                PROVIDE (_edata = .)
                [!provide]                        PROVIDE (edata = .)
                [!provide]                        PROVIDE (_fbss = .)
                0x000000000000197c                PROVIDE (__bss_start = .)

.bss            0x000000000000197a        0x2
 *(.sbss*)
 *(.gnu.linkonce.sb.*)
 *(.bss .bss.*)
 .bss           0x000000000000197a        0x0 build/obj_files/main.o
 .bss           0x000000000000197a        0x0 build/obj_files/start.o
 .bss           0x000000000000197a        0x0 build/obj_files/trap.o
 .bss           0x000000000000197a        0x0 c:/efinity/efinity-riscv-ide-2023.2/toolchain/bin/../lib/gcc/riscv-none-embed/8.3.0/../../../../riscv-none-embed/lib/rv32im/ilp32\libc.a(lib_a-init.o)
 *(.gnu.linkonce.b.*)
 *(COMMON)
                0x000000000000197c                . = ALIGN (0x4)
 *fill*         0x000000000000197a        0x2 
                0x0000000000001980                . = ALIGN (0x8)
                0x0000000000001980                PROVIDE (_end = .)
                [!provide]                        PROVIDE (end = .)

.stack          0x0000000000001980     0x1000
                [!provide]                        PROVIDE (_heap_end = .)
                0x0000000000001000                . = __stack_size
 *fill*         0x0000000000001980     0x1000 
                0x0000000000002980                PROVIDE (_sp = .)
                0x0000000000002980                __freertos_irq_stack_top = .
LOAD c:/efinity/efinity-riscv-ide-2023.2/toolchain/bin/../lib/gcc/riscv-none-embed/8.3.0/../../../../riscv-none-embed/lib/rv32im/ilp32\libm.a
LOAD c:/efinity/efinity-riscv-ide-2023.2/toolchain/bin/../lib/gcc/riscv-none-embed/8.3.0/rv32im/ilp32\libgcc.a
START GROUP
LOAD c:/efinity/efinity-riscv-ide-2023.2/toolchain/bin/../lib/gcc/riscv-none-embed/8.3.0/rv32im/ilp32\libgcc.a
LOAD c:/efinity/efinity-riscv-ide-2023.2/toolchain/bin/../lib/gcc/riscv-none-embed/8.3.0/../../../../riscv-none-embed/lib/rv32im/ilp32\libg.a
LOAD c:/efinity/efinity-riscv-ide-2023.2/toolchain/bin/../lib/gcc/riscv-none-embed/8.3.0/../../../../riscv-none-embed/lib/rv32im/ilp32\libc.a
END GROUP
LOAD c:/efinity/efinity-riscv-ide-2023.2/toolchain/bin/../lib/gcc/riscv-none-embed/8.3.0/rv32im/ilp32\libgcc.a
START GROUP
LOAD c:/efinity/efinity-riscv-ide-2023.2/toolchain/bin/../lib/gcc/riscv-none-embed/8.3.0/rv32im/ilp32\libgcc.a
LOAD c:/efinity/efinity-riscv-ide-2023.2/toolchain/bin/../lib/gcc/riscv-none-embed/8.3.0/../../../../riscv-none-embed/lib/rv32im/ilp32\libc.a
LOAD c:/efinity/efinity-riscv-ide-2023.2/toolchain/bin/../lib/gcc/riscv-none-embed/8.3.0/../../../../riscv-none-embed/lib/rv32im/ilp32\libnosys.a
END GROUP
OUTPUT(build/gpioDemo.elf elf32-littleriscv)

.debug_info     0x0000000000000000     0x1664
 .debug_info    0x0000000000000000     0x1618 build/obj_files/main.o
 .debug_info    0x0000000000001618       0x26 build/obj_files/start.o
 .debug_info    0x000000000000163e       0x26 build/obj_files/trap.o

.debug_abbrev   0x0000000000000000      0x3e8
 .debug_abbrev  0x0000000000000000      0x3c0 build/obj_files/main.o
 .debug_abbrev  0x00000000000003c0       0x14 build/obj_files/start.o
 .debug_abbrev  0x00000000000003d4       0x14 build/obj_files/trap.o

.debug_loc      0x0000000000000000      0x850
 .debug_loc     0x0000000000000000      0x850 build/obj_files/main.o

.debug_aranges  0x0000000000000000       0x60
 .debug_aranges
                0x0000000000000000       0x20 build/obj_files/main.o
 .debug_aranges
                0x0000000000000020       0x20 build/obj_files/start.o
 .debug_aranges
                0x0000000000000040       0x20 build/obj_files/trap.o

.debug_ranges   0x0000000000000000       0x20
 .debug_ranges  0x0000000000000000       0x20 build/obj_files/main.o

.debug_macro    0x0000000000000000     0x1dd1
 .debug_macro   0x0000000000000000      0x1e7 build/obj_files/main.o
 .debug_macro   0x00000000000001e7      0x760 build/obj_files/main.o
 .debug_macro   0x0000000000000947       0x22 build/obj_files/main.o
 .debug_macro   0x0000000000000969       0x8e build/obj_files/main.o
 .debug_macro   0x00000000000009f7       0x51 build/obj_files/main.o
 .debug_macro   0x0000000000000a48      0x103 build/obj_files/main.o
 .debug_macro   0x0000000000000b4b       0x6a build/obj_files/main.o
 .debug_macro   0x0000000000000bb5      0x1df build/obj_files/main.o
 .debug_macro   0x0000000000000d94      0x1a2 build/obj_files/main.o
 .debug_macro   0x0000000000000f36       0xc4 build/obj_files/main.o
 .debug_macro   0x0000000000000ffa       0x10 build/obj_files/main.o
 .debug_macro   0x000000000000100a       0x1c build/obj_files/main.o
 .debug_macro   0x0000000000001026       0x16 build/obj_files/main.o
 .debug_macro   0x000000000000103c      0x1b8 build/obj_files/main.o
 .debug_macro   0x00000000000011f4       0x16 build/obj_files/main.o
 .debug_macro   0x000000000000120a       0xb2 build/obj_files/main.o
 .debug_macro   0x00000000000012bc       0x58 build/obj_files/main.o
 .debug_macro   0x0000000000001314       0x19 build/obj_files/main.o
 .debug_macro   0x000000000000132d       0x52 build/obj_files/main.o
 .debug_macro   0x000000000000137f       0x34 build/obj_files/main.o
 .debug_macro   0x00000000000013b3       0x34 build/obj_files/main.o
 .debug_macro   0x00000000000013e7       0x16 build/obj_files/main.o
 .debug_macro   0x00000000000013fd      0x10e build/obj_files/main.o
 .debug_macro   0x000000000000150b       0x8d build/obj_files/main.o
 .debug_macro   0x0000000000001598       0x16 build/obj_files/main.o
 .debug_macro   0x00000000000015ae       0x43 build/obj_files/main.o
 .debug_macro   0x00000000000015f1       0x34 build/obj_files/main.o
 .debug_macro   0x0000000000001625       0x10 build/obj_files/main.o
 .debug_macro   0x0000000000001635       0x52 build/obj_files/main.o
 .debug_macro   0x0000000000001687      0x182 build/obj_files/main.o
 .debug_macro   0x0000000000001809      0x339 build/obj_files/main.o
 .debug_macro   0x0000000000001b42       0x16 build/obj_files/main.o
 .debug_macro   0x0000000000001b58       0x29 build/obj_files/main.o
 .debug_macro   0x0000000000001b81      0x1a9 build/obj_files/main.o
 .debug_macro   0x0000000000001d2a       0x16 build/obj_files/main.o
 .debug_macro   0x0000000000001d40       0x35 build/obj_files/main.o
 .debug_macro   0x0000000000001d75       0x2e build/obj_files/main.o
 .debug_macro   0x0000000000001da3       0x2e build/obj_files/main.o

.debug_line     0x0000000000000000      0xfef
 .debug_line    0x0000000000000000      0xe24 build/obj_files/main.o
 .debug_line    0x0000000000000e24       0xba build/obj_files/start.o
 .debug_line    0x0000000000000ede      0x111 build/obj_files/trap.o

.debug_str      0x0000000000000000     0x8a10
 .debug_str     0x0000000000000000     0x89e1 build/obj_files/main.o
                                       0x8ccc (size before relaxing)
 .debug_str     0x00000000000089e1       0x1e build/obj_files/start.o
                                         0x6d (size before relaxing)
 .debug_str     0x00000000000089ff       0x11 build/obj_files/trap.o
                                         0x6c (size before relaxing)

.comment        0x0000000000000000       0x33
 .comment       0x0000000000000000       0x33 build/obj_files/main.o
                                         0x34 (size before relaxing)

.debug_frame    0x0000000000000000      0x2ac
 .debug_frame   0x0000000000000000      0x270 build/obj_files/main.o
 .debug_frame   0x0000000000000270       0x3c c:/efinity/efinity-riscv-ide-2023.2/toolchain/bin/../lib/gcc/riscv-none-embed/8.3.0/../../../../riscv-none-embed/lib/rv32im/ilp32\libc.a(lib_a-init.o)
